// Jest Snapshot v1, https://goo.gl/fbAQLP

exports[`@modernpoacher/zashiki-react-redux/app/components/stages/omega/count/component renders 1`] = `ReactWrapper {}`;
