// Jest Snapshot v1, https://goo.gl/fbAQLP

exports[`#zashiki-react-redux/app/components/stages/confirm/stage Always renders 1`] = `
<div
  className="confirm"
>
  <h2>
    Confirmation
  </h2>
</div>
`;
