// Jest Snapshot v1, https://goo.gl/fbAQLP

exports[`@modernpoacher/zashiki-react-redux/app/components/stages/debark/status/in-progress renders 1`] = `ShallowWrapper {}`;
