// Jest Snapshot v1, https://goo.gl/fbAQLP

exports[`@modernpoacher/zashiki-react-redux/app/components/stages/alpha/title/stage Always renders 1`] = `ShallowWrapper {}`;
