// Jest Snapshot v1, https://goo.gl/fbAQLP

exports[`@modernpoacher/zashiki-react-redux/app/components/stages/confirm/status/title/rejected Always renders 1`] = `ShallowWrapper {}`;
