// Jest Snapshot v1, https://goo.gl/fbAQLP

exports[`@modernpoacher/zashiki-react-redux/app/components/stages/omega/gears/component Always renders 1`] = `null`;

exports[`@modernpoacher/zashiki-react-redux/app/components/stages/omega/gears/component renders \`forward\` 1`] = `null`;

exports[`@modernpoacher/zashiki-react-redux/app/components/stages/omega/gears/component renders \`reverse\` 1`] = `null`;

exports[`@modernpoacher/zashiki-react-redux/app/components/stages/omega/gears/component renders \`reverse\` and \`forward\` 1`] = `null`;
