// Jest Snapshot v1, https://goo.gl/fbAQLP

exports[`@modernpoacher/zashiki-react-redux/app/components/navigation/index-page renders 1`] = `ShallowWrapper {}`;
