// Jest Snapshot v1, https://goo.gl/fbAQLP

exports[`#zashiki-react-redux/app/components/stages/omega/omega Always renders 1`] = `
<form
  action="/MOCK ALPHA/MOCK OMEGA"
  method="POST"
  onSubmit={[Function]}
>
  <div
    className="cog text"
  >
    <label
      className="title text"
      htmlFor="MOCK ID"
    >
      <span
        className="text-content"
      >
        MOCK TITLE
      </span>
    </label>
    <span
      className="description text"
    >
      <span
        className="text-content"
      >
        MOCK DESCRIPTION
      </span>
    </span>
    <input
      className="input text"
      disabled={false}
      id="MOCK ID"
      name="MOCK ID"
      onChange={[Function]}
      readOnly={false}
      required={false}
      type="text"
    />
  </div>
  <button
    type="submit"
  >
    Continue
  </button>
</form>
`;
