// Jest Snapshot v1, https://goo.gl/fbAQLP

exports[`@modernpoacher/zashiki-react-redux/app/components/stages/confirm/title/status/pending renders 1`] = `
<header
  className="confirm pending"
/>
`;
