// Jest Snapshot v1, https://jestjs.io/docs/snapshot-testing

exports[`#zashiki-react-redux/app/components/stages/alpha/status/title/rejected Always renders 1`] = `
<header
  className="alpha rejected"
>
  <h1>
    MOCK TITLE
  </h1>
</header>
`;
