// Jest Snapshot v1, https://goo.gl/fbAQLP

exports[`@modernpoacher/zashiki-react-redux/app/components/stages/debark/status/no-decision renders 1`] = `ShallowWrapper {}`;
