// Jest Snapshot v1, https://goo.gl/fbAQLP

exports[`@modernpoacher/zashiki-react-redux/app/components/stages/omega/status/title/rejected Always renders 1`] = `
<header
  className="omega rejected"
>
  <h1>
    MOCK TITLE
  </h1>
</header>
`;
