// Jest Snapshot v1, https://jestjs.io/docs/snapshot-testing

exports[`#zashiki-react-redux/app/components/stages/debark/title/status/pending Always renders 1`] = `
<header
  className="debark pending"
/>
`;
