// Jest Snapshot v1, https://goo.gl/fbAQLP

exports[`#app/components/stages/embark/title/status/pending Always renders 1`] = `
<header
  className="embark pending"
/>
`;
