// Jest Snapshot v1, https://goo.gl/fbAQLP

exports[`@modernpoacher/zashiki-react-redux/app/components/stages/confirm/status/pending renders 1`] = `
<div
  className="confirm pending"
/>
`;
