// Jest Snapshot v1, https://goo.gl/fbAQLP

exports[`#app/components/navigation/stages/confirm Always renders 1`] = `
<a
  className="mock-link"
>
  Confirm Stage
</a>
`;
