// Jest Snapshot v1, https://goo.gl/fbAQLP

exports[`@modernpoacher/zashiki-react-redux/app/components/stages/debark/component \`Signals.COMPLETE\` renders 1`] = `ShallowWrapper {}`;

exports[`@modernpoacher/zashiki-react-redux/app/components/stages/debark/component \`Signals.FAILURE\` renders 1`] = `ShallowWrapper {}`;

exports[`@modernpoacher/zashiki-react-redux/app/components/stages/debark/component \`Signals.IN_PROGRESS\` renders 1`] = `ShallowWrapper {}`;

exports[`@modernpoacher/zashiki-react-redux/app/components/stages/debark/component \`Signals.NO_DECISION\` renders 1`] = `ShallowWrapper {}`;

exports[`@modernpoacher/zashiki-react-redux/app/components/stages/debark/component \`Signals.PENDING\` renders 1`] = `ShallowWrapper {}`;

exports[`@modernpoacher/zashiki-react-redux/app/components/stages/debark/component \`Signals.SUCCESS\` renders 1`] = `ShallowWrapper {}`;

exports[`@modernpoacher/zashiki-react-redux/app/components/stages/debark/component Always renders 1`] = `ShallowWrapper {}`;
