// Jest Snapshot v1, https://goo.gl/fbAQLP

exports[`#zashiki-react-redux/app/components/stages/alpha/count/component Always renders 1`] = `
<h3>
  2
   of 
  2
</h3>
`;
