// Jest Snapshot v1, https://goo.gl/fbAQLP

exports[`@modernpoacher/zashiki-react-redux/app/components/stages/alpha/count/component renders 1`] = `
<Count
  count={2}
  index={1}
>
  <h3>
    2
     of 
    2
  </h3>
</Count>
`;
