// Jest Snapshot v1, https://goo.gl/fbAQLP

exports[`@modernpoacher/zashiki-react-redux/app/components/stages/embark/status/failure renders 1`] = `ShallowWrapper {}`;
