// Jest Snapshot v1, https://goo.gl/fbAQLP

exports[`@modernpoacher/zashiki-react-redux/app/components/stages/omega/title/status/pending Always renders 1`] = `
<header
  className="omega pending"
/>
`;
