// Jest Snapshot v1, https://jestjs.io/docs/snapshot-testing

exports[`#zashiki-react-redux/app/components/stages/confirm/status/resolved Always renders 1`] = `
<div
  className="confirm resolved"
>
  <h2>
    Confirmation
  </h2>
</div>
`;
