// Jest Snapshot v1, https://goo.gl/fbAQLP

exports[`@modernpoacher/zashiki-react-redux/app/components/stages/alpha/status/resolved renders 1`] = `
<div
  className="alpha resolved"
>
  <Alpha
    definitions={[]}
    onChange={[MockFunction]}
    onSubmit={[MockFunction]}
  />
  <withRouter(Connect(Component)) />
</div>
`;
