// Jest Snapshot v1, https://goo.gl/fbAQLP

exports[`#app/components/stages/alpha/title/status/pending Always renders 1`] = `
<header
  className="alpha pending"
/>
`;
