// Jest Snapshot v1, https://goo.gl/fbAQLP

exports[`#app/components/stages/omega/status/pending Always renders 1`] = `
<div
  className="omega pending"
/>
`;
