// Jest Snapshot v1, https://goo.gl/fbAQLP

exports[`@modernpoacher/zashiki-react-redux/app/components/stages/omega/status/pending renders 1`] = `
<div
  className="omega pending"
/>
`;
