// Jest Snapshot v1, https://jestjs.io/docs/snapshot-testing

exports[`#zashiki-react-redux/app/components/stages/embark/status/title/resolved Always renders 1`] = `
<header
  className="embark resolved"
>
  <h1>
    MOCK TITLE
  </h1>
</header>
`;
